Analysis & Synthesis report for shanming
Wed Jul 14 09:48:22 2021
Version 6.0 Build 202 06/20/2006 Service Pack 1 SJ Full Version


---------------------
; Table of Contents ;
---------------------
  1. Legal Notice
  2. Analysis & Synthesis Summary
  3. Analysis & Synthesis Settings
  4. Analysis & Synthesis Source Files Read
  5. Analysis & Synthesis Resource Usage Summary
  6. Analysis & Synthesis Resource Utilization by Entity
  7. General Register Statistics
  8. Inverted Register Statistics
  9. Multiplexer Restructuring Statistics (Restructuring Performed)
 10. Analysis & Synthesis Messages



----------------
; Legal Notice ;
----------------
Copyright (C) 1991-2006 Altera Corporation
Your use of Altera Corporation's design tools, logic functions 
and other software and tools, and its AMPP partner logic 
functions, and any output files any of the foregoing 
(including device programming or simulation files), and any 
associated documentation or information are expressly subject 
to the terms and conditions of the Altera Program License 
Subscription Agreement, Altera MegaCore Function License 
Agreement, or other applicable license agreement, including, 
without limitation, that your use is for the sole purpose of 
programming logic devices manufactured by Altera and sold by 
Altera or its authorized distributors.  Please refer to the 
applicable agreement for further details.



+-----------------------------------------------------------------------------+
; Analysis & Synthesis Summary                                                ;
+-----------------------------+-----------------------------------------------+
; Analysis & Synthesis Status ; Successful - Wed Jul 14 09:48:22 2021         ;
; Quartus II Version          ; 6.0 Build 202 06/20/2006 SP 1 SJ Full Version ;
; Revision Name               ; shanming                                      ;
; Top-level Entity Name       ; shanming                                      ;
; Family                      ; Stratix                                       ;
; Total logic elements        ; 213                                           ;
; Total pins                  ; 67                                            ;
; Total virtual pins          ; 0                                             ;
; Total memory bits           ; 0                                             ;
; DSP block 9-bit elements    ; 0                                             ;
; Total PLLs                  ; 0                                             ;
; Total DLLs                  ; 0                                             ;
+-----------------------------+-----------------------------------------------+


+--------------------------------------------------------------------------------------------------------------+
; Analysis & Synthesis Settings                                                                                ;
+--------------------------------------------------------------------+--------------------+--------------------+
; Option                                                             ; Setting            ; Default Value      ;
+--------------------------------------------------------------------+--------------------+--------------------+
; Top-level entity name                                              ; shanming           ; shanming           ;
; Family name                                                        ; Stratix            ; Stratix            ;
; Use smart compilation                                              ; Off                ; Off                ;
; Restructure Multiplexers                                           ; Auto               ; Auto               ;
; Create Debugging Nodes for IP Cores                                ; Off                ; Off                ;
; Preserve fewer node names                                          ; On                 ; On                 ;
; Disable OpenCore Plus hardware evaluation                          ; Off                ; Off                ;
; Verilog Version                                                    ; Verilog_2001       ; Verilog_2001       ;
; VHDL Version                                                       ; VHDL93             ; VHDL93             ;
; State Machine Processing                                           ; Auto               ; Auto               ;
; Extract Verilog State Machines                                     ; On                 ; On                 ;
; Extract VHDL State Machines                                        ; On                 ; On                 ;
; Add Pass-Through Logic to Inferred RAMs                            ; On                 ; On                 ;
; DSP Block Balancing                                                ; Auto               ; Auto               ;
; Maximum DSP Block Usage                                            ; Unlimited          ; Unlimited          ;
; NOT Gate Push-Back                                                 ; On                 ; On                 ;
; Power-Up Don't Care                                                ; On                 ; On                 ;
; Remove Redundant Logic Cells                                       ; Off                ; Off                ;
; Remove Duplicate Registers                                         ; On                 ; On                 ;
; Ignore CARRY Buffers                                               ; Off                ; Off                ;
; Ignore CASCADE Buffers                                             ; Off                ; Off                ;
; Ignore GLOBAL Buffers                                              ; Off                ; Off                ;
; Ignore ROW GLOBAL Buffers                                          ; Off                ; Off                ;
; Ignore LCELL Buffers                                               ; Off                ; Off                ;
; Ignore SOFT Buffers                                                ; On                 ; On                 ;
; Limit AHDL Integers to 32 Bits                                     ; Off                ; Off                ;
; Optimization Technique -- Stratix/Stratix GX                       ; Balanced           ; Balanced           ;
; Carry Chain Length -- Stratix/Stratix GX/Cyclone/MAX II/Cyclone II ; 70                 ; 70                 ;
; Auto Carry Chains                                                  ; On                 ; On                 ;
; Auto Open-Drain Pins                                               ; On                 ; On                 ;
; Remove Duplicate Logic                                             ; On                 ; On                 ;
; Perform WYSIWYG Primitive Resynthesis                              ; Off                ; Off                ;
; Perform gate-level register retiming                               ; Off                ; Off                ;
; Allow register retiming to trade off Tsu/Tco with Fmax             ; On                 ; On                 ;
; Auto ROM Replacement                                               ; On                 ; On                 ;
; Auto RAM Replacement                                               ; On                 ; On                 ;
; Auto DSP Block Replacement                                         ; On                 ; On                 ;
; Auto Shift Register Replacement                                    ; On                 ; On                 ;
; Auto Clock Enable Replacement                                      ; On                 ; On                 ;
; Allow Synchronous Control Signals                                  ; On                 ; On                 ;
; Force Use of Synchronous Clear Signals                             ; Off                ; Off                ;
; Auto RAM Block Balancing                                           ; On                 ; On                 ;
; Auto Resource Sharing                                              ; Off                ; Off                ;
; Allow Any RAM Size For Recognition                                 ; Off                ; Off                ;
; Allow Any ROM Size For Recognition                                 ; Off                ; Off                ;
; Allow Any Shift Register Size For Recognition                      ; Off                ; Off                ;
; Maximum Number of M512 Memory Blocks                               ; Unlimited          ; Unlimited          ;
; Maximum Number of M4K Memory Blocks                                ; Unlimited          ; Unlimited          ;
; Maximum Number of M-RAM Memory Blocks                              ; Unlimited          ; Unlimited          ;
; Ignore translate_off and translate_on Synthesis Directives         ; Off                ; Off                ;
; Show Parameter Settings Tables in Synthesis Report                 ; On                 ; On                 ;
; Ignore Maximum Fan-Out Assignments                                 ; Off                ; Off                ;
; Retiming Meta-Stability Register Sequence Length                   ; 2                  ; 2                  ;
; PowerPlay Power Optimization                                       ; Normal compilation ; Normal compilation ;
; HDL message level                                                  ; Level2             ; Level2             ;
+--------------------------------------------------------------------+--------------------+--------------------+


+----------------------------------------------------------------------------------------------------------------------------------------+
; Analysis & Synthesis Source Files Read                                                                                                 ;
+----------------------------------+-----------------+------------------------------------+----------------------------------------------+
; File Name with User-Entered Path ; Used in Netlist ; File Type                          ; File Name with Absolute Path                 ;
+----------------------------------+-----------------+------------------------------------+----------------------------------------------+
; BCDadder.v                       ; yes             ; User Verilog HDL File              ; D:/Quartus/projects/shanming/BCDadder.v      ;
; BCDcounter.v                     ; yes             ; User Verilog HDL File              ; D:/Quartus/projects/shanming/BCDcounter.v    ;
; Display.v                        ; yes             ; User Verilog HDL File              ; D:/Quartus/projects/shanming/Display.v       ;
; _initial.v                       ; yes             ; User Verilog HDL File              ; D:/Quartus/projects/shanming/_initial.v      ;
; shanming.bdf                     ; yes             ; User Block Diagram/Schematic File  ; D:/Quartus/projects/shanming/shanming.bdf    ;
; CountUseLight.v                  ; yes             ; User Verilog HDL File              ; D:/Quartus/projects/shanming/CountUseLight.v ;
+----------------------------------+-----------------+------------------------------------+----------------------------------------------+


+-----------------------------------------------------+
; Analysis & Synthesis Resource Usage Summary         ;
+---------------------------------------------+-------+
; Resource                                    ; Usage ;
+---------------------------------------------+-------+
; Total logic elements                        ; 213   ;
;     -- Combinational with no register       ; 122   ;
;     -- Register only                        ; 40    ;
;     -- Combinational with a register        ; 51    ;
;                                             ;       ;
; Logic element usage by number of LUT inputs ;       ;
;     -- 4 input functions                    ; 20    ;
;     -- 3 input functions                    ; 76    ;
;     -- 2 input functions                    ; 59    ;
;     -- 1 input functions                    ; 16    ;
;     -- 0 input functions                    ; 2     ;
;         -- Combinational cells for routing  ; 0     ;
;                                             ;       ;
; Logic elements by mode                      ;       ;
;     -- normal mode                          ; 164   ;
;     -- arithmetic mode                      ; 49    ;
;     -- qfbk mode                            ; 0     ;
;     -- register cascade mode                ; 0     ;
;     -- synchronous clear/load mode          ; 21    ;
;     -- asynchronous clear/load mode         ; 87    ;
;                                             ;       ;
; Total registers                             ; 91    ;
; Total logic cells in carry chains           ; 57    ;
; I/O pins                                    ; 67    ;
; Maximum fan-out node                        ; clk   ;
; Maximum fan-out                             ; 91    ;
; Total fan-out                               ; 826   ;
; Average fan-out                             ; 2.95  ;
+---------------------------------------------+-------+


+--------------------------------------------------------------------------------------------------------------------------------------------------------------------------------------------------------------------------------------------------------------------------------------------+
; Analysis & Synthesis Resource Utilization by Entity                                                                                                                                                                                                                                        ;
+----------------------------+-------------+--------------+-------------+-------+------+--------+--------------+---------+-----------+-----------+------+--------------+--------------+-------------------+------------------+-----------------+------------+--------------------------------+
; Compilation Hierarchy Node ; Logic Cells ; LC Registers ; Memory Bits ; M512s ; M4Ks ; M-RAMs ; DSP Elements ; DSP 9x9 ; DSP 18x18 ; DSP 36x36 ; Pins ; Virtual Pins ; LUT-Only LCs ; Register-Only LCs ; LUT/Register LCs ; Carry Chain LCs ; Packed LCs ; Full Hierarchy Name            ;
+----------------------------+-------------+--------------+-------------+-------+------+--------+--------------+---------+-----------+-----------+------+--------------+--------------+-------------------+------------------+-----------------+------------+--------------------------------+
; |shanming                  ; 213 (0)     ; 91           ; 0           ; 0     ; 0    ; 0      ; 0            ; 0       ; 0         ; 0         ; 67   ; 0            ; 122 (0)      ; 40 (0)            ; 51 (0)           ; 57 (0)          ; 0 (0)      ; |shanming                      ;
;    |BCDadder:inst32|       ; 10 (10)     ; 0            ; 0           ; 0     ; 0    ; 0      ; 0            ; 0       ; 0         ; 0         ; 0    ; 0            ; 10 (10)      ; 0 (0)             ; 0 (0)            ; 6 (6)           ; 0 (0)      ; |shanming|BCDadder:inst32      ;
;    |BCDadder:inst33|       ; 10 (10)     ; 0            ; 0           ; 0     ; 0    ; 0      ; 0            ; 0       ; 0         ; 0         ; 0    ; 0            ; 10 (10)      ; 0 (0)             ; 0 (0)            ; 6 (6)           ; 0 (0)      ; |shanming|BCDadder:inst33      ;
;    |BCDadder:inst34|       ; 8 (8)       ; 0            ; 0           ; 0     ; 0    ; 0      ; 0            ; 0       ; 0         ; 0         ; 0    ; 0            ; 8 (8)        ; 0 (0)             ; 0 (0)            ; 5 (5)           ; 0 (0)      ; |shanming|BCDadder:inst34      ;
;    |BCDcounter:inst10|     ; 10 (10)     ; 0            ; 0           ; 0     ; 0    ; 0      ; 0            ; 0       ; 0         ; 0         ; 0    ; 0            ; 10 (10)      ; 0 (0)             ; 0 (0)            ; 5 (5)           ; 0 (0)      ; |shanming|BCDcounter:inst10    ;
;    |BCDcounter:inst8|      ; 10 (10)     ; 0            ; 0           ; 0     ; 0    ; 0      ; 0            ; 0       ; 0         ; 0         ; 0    ; 0            ; 10 (10)      ; 0 (0)             ; 0 (0)            ; 5 (5)           ; 0 (0)      ; |shanming|BCDcounter:inst8     ;
;    |BCDcounter:inst9|      ; 10 (10)     ; 0            ; 0           ; 0     ; 0    ; 0      ; 0            ; 0       ; 0         ; 0         ; 0    ; 0            ; 10 (10)      ; 0 (0)             ; 0 (0)            ; 5 (5)           ; 0 (0)      ; |shanming|BCDcounter:inst9     ;
;    |CountUseLight:inst27|  ; 5 (5)       ; 5            ; 0           ; 0     ; 0    ; 0      ; 0            ; 0       ; 0         ; 0         ; 0    ; 0            ; 0 (0)        ; 4 (4)             ; 1 (1)            ; 0 (0)           ; 0 (0)      ; |shanming|CountUseLight:inst27 ;
;    |CountUseLight:inst28|  ; 5 (5)       ; 5            ; 0           ; 0     ; 0    ; 0      ; 0            ; 0       ; 0         ; 0         ; 0    ; 0            ; 0 (0)        ; 4 (4)             ; 1 (1)            ; 0 (0)           ; 0 (0)      ; |shanming|CountUseLight:inst28 ;
;    |Display:inst30|        ; 24 (24)     ; 0            ; 0           ; 0     ; 0    ; 0      ; 0            ; 0       ; 0         ; 0         ; 0    ; 0            ; 24 (24)      ; 0 (0)             ; 0 (0)            ; 0 (0)           ; 0 (0)      ; |shanming|Display:inst30       ;
;    |_initial:inst|         ; 121 (121)   ; 81           ; 0           ; 0     ; 0    ; 0      ; 0            ; 0       ; 0         ; 0         ; 0    ; 0            ; 40 (40)      ; 32 (32)           ; 49 (49)          ; 25 (25)         ; 0 (0)      ; |shanming|_initial:inst        ;
+----------------------------+-------------+--------------+-------------+-------+------+--------+--------------+---------+-----------+-----------+------+--------------+--------------+-------------------+------------------+-----------------+------------+--------------------------------+
Note: For table entries with two numbers listed, the numbers in parentheses indicate the number of resources of the given type used by the specific entity alone. The numbers listed outside of parentheses indicate the total resources of the given type used by the specific entity and all of its sub-entities in the hierarchy.


+------------------------------------------------------+
; General Register Statistics                          ;
+----------------------------------------------+-------+
; Statistic                                    ; Value ;
+----------------------------------------------+-------+
; Total registers                              ; 91    ;
; Number of registers using Synchronous Clear  ; 9     ;
; Number of registers using Synchronous Load   ; 12    ;
; Number of registers using Asynchronous Clear ; 87    ;
; Number of registers using Asynchronous Load  ; 0     ;
; Number of registers using Clock Enable       ; 87    ;
; Number of registers using Preset             ; 0     ;
+----------------------------------------------+-------+


+---------------------------------------------------+
; Inverted Register Statistics                      ;
+-----------------------------------------+---------+
; Inverted Register                       ; Fan out ;
+-----------------------------------------+---------+
; _initial:inst|cost[3]                   ; 2       ;
; _initial:inst|cost[0]                   ; 2       ;
; _initial:inst|price_per_km[1]           ; 1       ;
; _initial:inst|price_per_km[0]           ; 1       ;
; _initial:inst|initial_price[3]          ; 1       ;
; _initial:inst|initial_price[0]          ; 1       ;
; _initial:inst|pause_time[1]             ; 1       ;
; _initial:inst|pause_time[0]             ; 1       ;
; _initial:inst|free_len[1]               ; 1       ;
; _initial:inst|free_len[0]               ; 2       ;
; Total number of inverted registers = 10 ;         ;
+-----------------------------------------+---------+


+----------------------------------------------------------------------------------------------------------------------------------------------------+
; Multiplexer Restructuring Statistics (Restructuring Performed)                                                                                     ;
+--------------------+-----------+---------------+----------------------+------------------------+------------+--------------------------------------+
; Multiplexer Inputs ; Bus Width ; Baseline Area ; Area if Restructured ; Saving if Restructured ; Registered ; Example Multiplexer Output           ;
+--------------------+-----------+---------------+----------------------+------------------------+------------+--------------------------------------+
; 3:1                ; 4 bits    ; 8 LEs         ; 4 LEs                ; 4 LEs                  ; Yes        ; |shanming|_initial:inst|len[0]       ;
; 3:1                ; 2 bits    ; 4 LEs         ; 2 LEs                ; 2 LEs                  ; Yes        ; |shanming|_initial:inst|cost[4]      ;
; 3:1                ; 4 bits    ; 8 LEs         ; 4 LEs                ; 4 LEs                  ; Yes        ; |shanming|_initial:inst|tmp[2]       ;
; 4:1                ; 2 bits    ; 4 LEs         ; 4 LEs                ; 0 LEs                  ; Yes        ; |shanming|_initial:inst|cost[1]      ;
; 4:1                ; 3 bits    ; 6 LEs         ; 6 LEs                ; 0 LEs                  ; Yes        ; |shanming|_initial:inst|cost[5]      ;
; 4:1                ; 3 bits    ; 6 LEs         ; 6 LEs                ; 0 LEs                  ; Yes        ; |shanming|_initial:inst|cost[9]      ;
; 4:1                ; 3 bits    ; 6 LEs         ; 6 LEs                ; 0 LEs                  ; Yes        ; |shanming|_initial:inst|len[1]       ;
; 4:1                ; 3 bits    ; 6 LEs         ; 6 LEs                ; 0 LEs                  ; Yes        ; |shanming|_initial:inst|len[5]       ;
; 4:1                ; 3 bits    ; 6 LEs         ; 6 LEs                ; 0 LEs                  ; Yes        ; |shanming|_initial:inst|len[9]       ;
; 6:1                ; 12 bits   ; 48 LEs        ; 12 LEs               ; 36 LEs                 ; Yes        ; |shanming|_initial:inst|add_cost[10] ;
+--------------------+-----------+---------------+----------------------+------------------------+------------+--------------------------------------+


+-------------------------------+
; Analysis & Synthesis Messages ;
+-------------------------------+
Info: *******************************************************************
Info: Running Quartus II Analysis & Synthesis
    Info: Version 6.0 Build 202 06/20/2006 Service Pack 1 SJ Full Version
    Info: Processing started: Wed Jul 14 09:48:22 2021
Info: Command: quartus_map --read_settings_files=on --write_settings_files=off shanming -c shanming
Info: Found 1 design units, including 1 entities, in source file BCDadder.v
    Info: Found entity 1: BCDadder
Info: Found 1 design units, including 1 entities, in source file BCDcounter.v
    Info: Found entity 1: BCDcounter
Info: Found 1 design units, including 1 entities, in source file Display.v
    Info: Found entity 1: Display
Info: Found 1 design units, including 1 entities, in source file _initial.v
    Info: Found entity 1: _initial
Info: Found 1 design units, including 1 entities, in source file shanming.bdf
    Info: Found entity 1: shanming
Info: Found 1 design units, including 1 entities, in source file CountUseLight.v
    Info: Found entity 1: CountUseLight
Info: Elaborating entity "shanming" for the top level hierarchy
Info: Elaborating entity "_initial" for hierarchy "_initial:inst"
Warning (10230): Verilog HDL assignment warning at _initial.v(71): truncated value with size 32 to match size of target (4)
Info: Elaborating entity "BCDadder" for hierarchy "BCDadder:inst33"
Warning (10230): Verilog HDL assignment warning at BCDadder.v(13): truncated value with size 32 to match size of target (5)
Info: Elaborating entity "BCDcounter" for hierarchy "BCDcounter:inst8"
Warning (10230): Verilog HDL assignment warning at BCDcounter.v(13): truncated value with size 32 to match size of target (5)
Info: Elaborating entity "CountUseLight" for hierarchy "CountUseLight:inst27"
Warning (10230): Verilog HDL assignment warning at CountUseLight.v(22): truncated value with size 32 to match size of target (5)
Info: Elaborating entity "Display" for hierarchy "Display:inst30"
Info: Registers with preset signals will power-up high
Info: Implemented 280 device resources after synthesis - the final resource count might be different
    Info: Implemented 20 input pins
    Info: Implemented 47 output pins
    Info: Implemented 213 logic cells
Info: Quartus II Analysis & Synthesis was successful. 0 errors, 4 warnings
    Info: Processing ended: Wed Jul 14 09:48:22 2021
    Info: Elapsed time: 00:00:00


